stm32/status online
stm32/diag software
stm32/heartbeat 1
stm32/heartbeat 1
stm32/heartbeat 1
stm32/heartbeat 1
stm32/heartbeat 1
stm32/status offline
stm32/status (null)
stm32/diag (null)
stm32/heartbeat (null)
stm32/status online
stm32/diag software
stm32/status offline
stm32/status online
stm32/diag software
stm32/heartbeat 1
stm32/heartbeat 1
stm32/heartbeat 1
stm32/heartbeat 1
stm32/heartbeat 1
stm32/heartbeat 1
stm32/heartbeat 1
stm32/heartbeat 1
stm32/heartbeat 1
stm32/heartbeat 1
stm32/heartbeat 1
stm32/heartbeat 1
stm32/status offline
stm32/status online
stm32/diag software
stm32/heartbeat 1
stm32/heartbeat 1
stm32/heartbeat 1
stm32/heartbeat 1
stm32/heartbeat 1
stm32/heartbeat 1
stm32/heartbeat 1
stm32/heartbeat 1
stm32/heartbeat 1
stm32/heartbeat 1
stm32/heartbeat 1
stm32/heartbeat 1
stm32/heartbeat 1
stm32/heartbeat 1
stm32/heartbeat 1
stm32/status offline
